[preview.colorlib.com/theme/whitespace/index.html]
[backblue.gif]
[fade.gif]
[index.html]
[preview.colorlib.com/theme/whitespace/css/open-iconic-bootstrap.min.css]
[preview.colorlib.com/theme/whitespace/css/animate.css]
[preview.colorlib.com/theme/whitespace/css/owl.carousel.min.css]
[preview.colorlib.com/theme/whitespace/css/owl.theme.default.min.css]
[preview.colorlib.com/theme/whitespace/css/magnific-popup.css]
[preview.colorlib.com/theme/whitespace/css/aos.css]
[preview.colorlib.com/theme/whitespace/css/ionicons.min.css]
[preview.colorlib.com/theme/whitespace/css/bootstrap-datepicker.css]
[preview.colorlib.com/theme/whitespace/css/jquery.timepicker.css]
[preview.colorlib.com/theme/whitespace/css/flaticon.css]
[preview.colorlib.com/theme/whitespace/css/icomoon.css]
[preview.colorlib.com/theme/whitespace/css/style.css]
[preview.colorlib.com/theme/whitespace/about.html]
[preview.colorlib.com/theme/whitespace/work.html]
[preview.colorlib.com/theme/whitespace/pricing.html]
[preview.colorlib.com/theme/whitespace/blog.html]
[preview.colorlib.com/theme/whitespace/contact.html]
[preview.colorlib.com/theme/whitespace/images/bg_1.jpg]
[preview.colorlib.com/theme/whitespace/images/about.jpg]
[preview.colorlib.com/theme/whitespace/images/bg_3.jpg]
[preview.colorlib.com/theme/whitespace/images/project-4.jpg]
[preview.colorlib.com/theme/whitespace/images/project-5.jpg]
[preview.colorlib.com/theme/whitespace/images/project-1.jpg]
[preview.colorlib.com/theme/whitespace/images/project-6.jpg]
[preview.colorlib.com/theme/whitespace/images/project-2.jpg]
[preview.colorlib.com/theme/whitespace/images/project-3.jpg]
[preview.colorlib.com/theme/whitespace/images/person_1.jpg]
[preview.colorlib.com/theme/whitespace/images/person_2.jpg]
[preview.colorlib.com/theme/whitespace/images/person_3.jpg]
[preview.colorlib.com/theme/whitespace/blog-single.html]
[preview.colorlib.com/theme/whitespace/images/image_1.jpg]
[preview.colorlib.com/theme/whitespace/images/image_2.jpg]
[preview.colorlib.com/theme/whitespace/images/image_3.jpg]
[preview.colorlib.com/theme/whitespace/images/partner-1.png]
[preview.colorlib.com/theme/whitespace/images/partner-2.png]
[preview.colorlib.com/theme/whitespace/images/partner-3.png]
[preview.colorlib.com/theme/whitespace/images/partner-4.png]
[preview.colorlib.com/theme/whitespace/images/partner-5.png]
[preview.colorlib.com/cdn-cgi/scripts/5c5dd728/cloudflare-static/email-decode.min.js]
[preview.colorlib.com/theme/whitespace/js/jquery.min.js]
[preview.colorlib.com/theme/whitespace/js/jquery-migrate-3.0.1.min.js]
[preview.colorlib.com/theme/whitespace/js/popper.min.js]
[preview.colorlib.com/theme/whitespace/js/bootstrap.min.js]
[preview.colorlib.com/theme/whitespace/js/jquery.easing.1.3.js]
[preview.colorlib.com/theme/whitespace/js/jquery.waypoints.min.js]
[preview.colorlib.com/theme/whitespace/js/jquery.stellar.min.js]
[preview.colorlib.com/theme/whitespace/js/owl.carousel.min.js]
[preview.colorlib.com/theme/whitespace/js/jquery.magnific-popup.min.js]
[preview.colorlib.com/theme/whitespace/js/aos.js]
[preview.colorlib.com/theme/whitespace/js/jquery.animateNumber.min.js]
[preview.colorlib.com/theme/whitespace/js/jquery.mb.YTPlayer.min.js]
[preview.colorlib.com/theme/whitespace/js/scrollax.min.js]
[preview.colorlib.com/theme/whitespace/js/google-map.js]
[preview.colorlib.com/theme/whitespace/js/main.js]
[preview.colorlib.com/theme/whitespace/index.html]
[preview.colorlib.com/theme/whitespace/fonts/open-iconic/open-iconic.eot]
[preview.colorlib.com/theme/whitespace/fonts/open-iconic/open-iconicd41d.eot]
[preview.colorlib.com/theme/whitespace/fonts/open-iconic/open-iconic.woff]
[preview.colorlib.com/theme/whitespace/fonts/open-iconic/open-iconic.ttf]
[preview.colorlib.com/theme/whitespace/fonts/open-iconic/open-iconic.otf]
[preview.colorlib.com/theme/whitespace/css/open-iconic-bootstrap.min.css]
[preview.colorlib.com/theme/whitespace/css/animate.css]
[preview.colorlib.com/theme/whitespace/fonts/open-iconic/open-iconic.svg]
[preview.colorlib.com/theme/whitespace/css/owl.video.play.png]
[preview.colorlib.com/theme/whitespace/css/owl.carousel.min.css]
[preview.colorlib.com/theme/whitespace/css/owl.theme.default.min.css]
[preview.colorlib.com/theme/whitespace/css/magnific-popup.css]
[preview.colorlib.com/theme/whitespace/css/aos.css]
[preview.colorlib.com/theme/whitespace/fonts/ionicons/fonts/ionicons580c.eot]
[preview.colorlib.com/theme/whitespace/fonts/ionicons/fonts/ionicons580c.woff2]
[preview.colorlib.com/theme/whitespace/fonts/ionicons/fonts/ionicons580c.woff]
[preview.colorlib.com/theme/whitespace/fonts/ionicons/fonts/ionicons580c.ttf]
[preview.colorlib.com/theme/whitespace/css/ionicons.min.css]
[preview.colorlib.com/theme/whitespace/css/bootstrap-datepicker.css]
[preview.colorlib.com/theme/whitespace/css/jquery.timepicker.css]
[preview.colorlib.com/theme/whitespace/fonts/ionicons/fonts/ionicons580c.svg]
[preview.colorlib.com/theme/whitespace/fonts/flaticon/font/Flaticon.eot]
[preview.colorlib.com/theme/whitespace/fonts/flaticon/font/Flaticond41d.eot]
[preview.colorlib.com/theme/whitespace/fonts/flaticon/font/Flaticon.woff]
[preview.colorlib.com/theme/whitespace/fonts/flaticon/font/Flaticon.ttf]
[preview.colorlib.com/theme/whitespace/css/flaticon.css]
[preview.colorlib.com/theme/whitespace/fonts/flaticon/font/Flaticon.svg]
[preview.colorlib.com/theme/whitespace/fonts/icomoon/icomoonccfb.eot]
[preview.colorlib.com/theme/whitespace/fonts/icomoon/icomoonccfb.ttf]
[preview.colorlib.com/theme/whitespace/fonts/icomoon/icomoonccfb.woff]
[preview.colorlib.com/theme/whitespace/css/icomoon.css]
[preview.colorlib.com/theme/whitespace/css/style.css]
[preview.colorlib.com/theme/whitespace/fonts/icomoon/icomoonccfb.svg]
[preview.colorlib.com/theme/whitespace/images/bg_2.jpg]
[preview.colorlib.com/theme/whitespace/images/person_4.jpg]
[preview.colorlib.com/theme/whitespace/images/staff-1.jpg]
[preview.colorlib.com/theme/whitespace/images/staff-2.jpg]
[preview.colorlib.com/theme/whitespace/images/staff-3.jpg]
[preview.colorlib.com/theme/whitespace/images/staff-4.jpg]
[preview.colorlib.com/theme/whitespace/about.html]
[preview.colorlib.com/theme/whitespace/work.html]
[preview.colorlib.com/theme/whitespace/pricing.html]
[preview.colorlib.com/theme/whitespace/images/image_4.jpg]
[preview.colorlib.com/theme/whitespace/images/image_5.jpg]
[preview.colorlib.com/theme/whitespace/images/image_6.jpg]
[preview.colorlib.com/theme/whitespace/blog.html]
[preview.colorlib.com/theme/whitespace/contact.html]
[preview.colorlib.com/theme/whitespace/blog-single.html]
[preview.colorlib.com/theme/whitespace/fonts/open-iconic/open-iconic.svg]
[preview.colorlib.com/theme/whitespace/css/owl.video.play.html]
[preview.colorlib.com/theme/whitespace/fonts/ionicons/fonts/ionicons580c.svg]
[preview.colorlib.com/theme/whitespace/fonts/flaticon/font/Flaticon.svg]
[preview.colorlib.com/theme/whitespace/fonts/icomoon/icomoonccfb.svg]
